Resolving dependencies...
Downloading packages...
  camera_avfoundation 0.9.23+2 (0.10.0 available)
  flutter_launcher_icons 0.13.1 (0.14.4 available)
  flutter_lints 5.0.0 (6.0.0 available)
  flutter_local_notifications 18.0.1 (20.1.0 available)
  flutter_local_notifications_linux 5.0.0 (7.0.0 available)
  flutter_local_notifications_platform_interface 8.0.0 (10.0.0 available)
  google_fonts 6.3.3 (8.0.1 available)
  lints 5.1.1 (6.1.0 available)
  meta 1.17.0 (1.18.1 available)
  tflite_flutter 0.11.0 (0.12.1 available)
  timezone 0.10.1 (0.11.0 available)
Got dependencies!
11 packages have newer versions incompatible with dependency constraints.
Try `flutter pub outdated` for more information.
Running Gradle task 'assembleDebug'...                             50.0s
flutter : Gradle build failed to produce an 
.apk file. It's likely that this file was 
generated under C:\Users\DELL\.gemini\antigravit
y\scratch\drishti\build, but the tool couldn't 
find it.
At line:1 char:1
+ flutter build apk --debug > build_output.txt 
2>&1
+ ~~~~~~~~~~~~~~~~~~~~~~~~~~~~~~~~~~~~~~~~~~~~~~
~~~
    + CategoryInfo          : NotSpecified: 
(Gradle     build fa...uldn't find it.:String) 
[], RemoteExc    eption
    + FullyQualifiedErrorId : NativeCommandError
 
